[    0.000000] Initializing cgroup subsys cpuset
[    0.000000] Initializing cgroup subsys cpu
[    0.000000] Initializing cgroup subsys cpuacct
[    0.000000] Linux version 4.4.0-93-generic (buildd@lgw01-03) (gcc version 5.4.0 20160609 (Ubuntu 5.4.0-6ubuntu1~16.04.4) ) #116-Ubuntu SMP Fri Aug 11 21:17:51 UTC 2017 (Ubuntu 4.4.0-93.116-generic 4.4.79)
[    0.000000] Command line: BOOT_IMAGE=/boot/vmlinuz-4.4.0-93-generic root=UUID=ce24233e-85c4-4f5b-a084-25bb2493ad65 ro console=tty1 console=ttyS0
[    0.000000] KERNEL supported cpus:
[    0.000000]   Intel GenuineIntel
[    0.000000]   AMD AuthenticAMD
[    0.000000]   Centaur CentaurHauls
[    0.000000] x86/fpu: xstate_offset[2]:  576, xstate_sizes[2]:  256
[    0.000000] x86/fpu: Supporting XSAVE feature 0x01: 'x87 floating point registers'
[    0.000000] x86/fpu: Supporting XSAVE feature 0x02: 'SSE registers'
[    0.000000] x86/fpu: Supporting XSAVE feature 0x04: 'AVX registers'
[    0.000000] x86/fpu: Enabled xstate features 0x7, context size is 832 bytes, using 'standard' format.
[    0.000000] x86/fpu: Using 'lazy' FPU context switches.
[    0.000000] e820: BIOS-provided physical RAM map:
[    0.000000] BIOS-e820: [mem 0x0000000000000000-0x000000000009fbff] usable
[    0.000000] BIOS-e820: [mem 0x000000000009fc00-0x000000000009ffff] reserved
[    0.000000] BIOS-e820: [mem 0x00000000000f0000-0x00000000000fffff] reserved
[    0.000000] BIOS-e820: [mem 0x0000000000100000-0x000000007ffeffff] usable
[    0.000000] BIOS-e820: [mem 0x000000007fff0000-0x000000007fffffff] ACPI data
[    0.000000] BIOS-e820: [mem 0x00000000fec00000-0x00000000fec00fff] reserved
[    0.000000] BIOS-e820: [mem 0x00000000fee00000-0x00000000fee00fff] reserved
[    0.000000] BIOS-e820: [mem 0x00000000fffc0000-0x00000000ffffffff] reserved
[    0.000000] NX (Execute Disable) protection: active
[    0.000000] SMBIOS 2.5 present.
[    0.000000] Hypervisor detected: KVM
[    0.000000] e820: last_pfn = 0x7fff0 max_arch_pfn = 0x400000000
[    0.000000] MTRR: Disabled
[    0.000000] x86/PAT: MTRRs disabled, skipping PAT initialization too.
[    0.000000] CPU MTRRs all blank - virtualized system.
[    0.000000] x86/PAT: Configuration [0-7]: WB  WT  UC- UC  WB  WT  UC- UC  
[    0.000000] found SMP MP-table at [mem 0x0009fff0-0x0009ffff] mapped at [ffff88000009fff0]
[    0.000000] Scanning 1 areas for low memory corruption
[    0.000000] RAMDISK: [mem 0x34c46000-0x3661afff]
[    0.000000] ACPI: Early table checksum verification disabled
[    0.000000] ACPI: RSDP 0x00000000000E0000 000024 (v02 VBOX  )
[    0.000000] ACPI: XSDT 0x000000007FFF0030 00003C (v01 VBOX   VBOXXSDT 00000001 ASL  00000061)
[    0.000000] ACPI: FACP 0x000000007FFF00F0 0000F4 (v04 VBOX   VBOXFACP 00000001 ASL  00000061)
[    0.000000] ACPI: DSDT 0x000000007FFF0470 0021C8 (v02 VBOX   VBOXBIOS 00000002 INTL 20100528)
[    0.000000] ACPI: FACS 0x000000007FFF0200 000040
[    0.000000] ACPI: FACS 0x000000007FFF0200 000040
[    0.000000] ACPI: APIC 0x000000007FFF0240 00005C (v02 VBOX   VBOXAPIC 00000001 ASL  00000061)
[    0.000000] ACPI: SSDT 0x000000007FFF02A0 0001CC (v01 VBOX   VBOXCPUT 00000002 INTL 20100528)
[    0.000000] No NUMA configuration found
[    0.000000] Faking a node at [mem 0x0000000000000000-0x000000007ffeffff]
[    0.000000] NODE_DATA(0) allocated [mem 0x7ffeb000-0x7ffeffff]
[    0.000000] kvm-clock: Using msrs 4b564d01 and 4b564d00
[    0.000000] kvm-clock: cpu 0, msr 0:7ffe3001, primary cpu clock
[    0.000000] kvm-clock: using sched offset of 3813206408 cycles
[    0.000000] clocksource: kvm-clock: mask: 0xffffffffffffffff max_cycles: 0x1cd42e4dffb, max_idle_ns: 881590591483 ns
[    0.000000] Zone ranges:
[    0.000000]   DMA      [mem 0x0000000000001000-0x0000000000ffffff]
[    0.000000]   DMA32    [mem 0x0000000001000000-0x000000007ffeffff]
[    0.000000]   Normal   empty
[    0.000000]   Device   empty
[    0.000000] Movable zone start for each node
[    0.000000] Early memory node ranges
[    0.000000]   node   0: [mem 0x0000000000001000-0x000000000009efff]
[    0.000000]   node   0: [mem 0x0000000000100000-0x000000007ffeffff]
[    0.000000] Initmem setup node 0 [mem 0x0000000000001000-0x000000007ffeffff]
[    0.000000] ACPI: PM-Timer IO Port: 0x4008
[    0.000000] IOAPIC[0]: apic_id 2, version 32, address 0xfec00000, GSI 0-23
[    0.000000] ACPI: INT_SRC_OVR (bus 0 bus_irq 0 global_irq 2 dfl dfl)
[    0.000000] ACPI: INT_SRC_OVR (bus 0 bus_irq 9 global_irq 9 high level)
[    0.000000] Using ACPI (MADT) for SMP configuration information
[    0.000000] smpboot: Allowing 2 CPUs, 0 hotplug CPUs
[    0.000000] PM: Registered nosave memory: [mem 0x00000000-0x00000fff]
[    0.000000] PM: Registered nosave memory: [mem 0x0009f000-0x0009ffff]
[    0.000000] PM: Registered nosave memory: [mem 0x000a0000-0x000effff]
[    0.000000] PM: Registered nosave memory: [mem 0x000f0000-0x000fffff]
[    0.000000] e820: [mem 0x80000000-0xfebfffff] available for PCI devices
[    0.000000] Booting paravirtualized kernel on KVM
[    0.000000] clocksource: refined-jiffies: mask: 0xffffffff max_cycles: 0xffffffff, max_idle_ns: 7645519600211568 ns
[    0.000000] setup_percpu: NR_CPUS:512 nr_cpumask_bits:512 nr_cpu_ids:2 nr_node_ids:1
[    0.000000] PERCPU: Embedded 34 pages/cpu @ffff88007fc00000 s98328 r8192 d32744 u1048576
[    0.000000] PV qspinlock hash table entries: 256 (order: 0, 4096 bytes)
[    0.000000] Built 1 zonelists in Node order, mobility grouping on.  Total pages: 515961
[    0.000000] Policy zone: DMA32
[    0.000000] Kernel command line: BOOT_IMAGE=/boot/vmlinuz-4.4.0-93-generic root=UUID=ce24233e-85c4-4f5b-a084-25bb2493ad65 ro console=tty1 console=ttyS0
[    0.000000] PID hash table entries: 4096 (order: 3, 32768 bytes)
[    0.000000] Memory: 2018304K/2096696K available (8479K kernel code, 1294K rwdata, 3984K rodata, 1492K init, 1316K bss, 78392K reserved, 0K cma-reserved)
[    0.000000] SLUB: HWalign=64, Order=0-3, MinObjects=0, CPUs=2, Nodes=1
[    0.000000] Hierarchical RCU implementation.
[    0.000000] 	Build-time adjustment of leaf fanout to 64.
[    0.000000] 	RCU restricting CPUs from NR_CPUS=512 to nr_cpu_ids=2.
[    0.000000] RCU: Adjusting geometry for rcu_fanout_leaf=64, nr_cpu_ids=2
[    0.000000] NR_IRQS:33024 nr_irqs:440 16
[    0.000000] Console: colour VGA+ 80x25
[    0.000000] console [tty1] enabled
[    0.000000] console [ttyS0] enabled
[    0.000000] tsc: Detected 2693.786 MHz processor
[    8.358649] Calibrating delay loop (skipped) preset value.. 5387.57 BogoMIPS (lpj=10775144)
[    8.506287] pid_max: default: 32768 minimum: 301
[    8.547640] ACPI: Core revision 20150930
[    8.630502] ACPI: 2 ACPI AML tables successfully acquired and loaded
[    8.748427] Security Framework initialized
[    8.754421] Yama: becoming mindful.
[    8.754994] AppArmor: AppArmor initialized
[    8.767321] Dentry cache hash table entries: 262144 (order: 9, 2097152 bytes)
[    8.950756] Inode-cache hash table entries: 131072 (order: 8, 1048576 bytes)
[    9.139221] Mount-cache hash table entries: 4096 (order: 3, 32768 bytes)
[    9.174636] Mountpoint-cache hash table entries: 4096 (order: 3, 32768 bytes)
[    9.367393] Initializing cgroup subsys io
[    9.476167] Initializing cgroup subsys memory
[    9.556872] Initializing cgroup subsys devices
[    9.557558] Initializing cgroup subsys freezer
[    9.582237] Initializing cgroup subsys net_cls
[    9.637966] Initializing cgroup subsys perf_event
[    9.755958] Initializing cgroup subsys net_prio
[    9.858480] Initializing cgroup subsys hugetlb
[    9.908853] Initializing cgroup subsys pids
[    9.940599] CPU: Physical Processor ID: 0
[   10.044698] CPU: Processor Core ID: 0
[   10.134937] mce: CPU supports 0 MCE banks
[   10.244712] Last level iTLB entries: 4KB 64, 2MB 8, 4MB 8
[   10.306562] Last level dTLB entries: 4KB 64, 2MB 0, 4MB 0, 1GB 4
[   10.327189] Freeing SMP alternatives memory: 32K (ffffffff820ba000 - ffffffff820c2000)
[   10.367234] ftrace: allocating 32136 entries in 126 pages
[   10.497376] smpboot: APIC(0) Converting physical 0 to logical package 0
[   10.687584] smpboot: Max logical packages: 1
[   10.807354] x2apic enabled
[   10.873435] Switched APIC routing to physical x2apic.
[   10.949507] ..TIMER: vector=0x30 apic1=0 pin1=2 apic2=-1 pin2=-1
[   11.215296] smpboot: CPU0: Intel(R) Core(TM) i7-5700HQ CPU @ 2.70GHz (family: 0x6, model: 0x47, stepping: 0x1)
[   11.482518] Performance Events: unsupported p6 CPU model 71 no PMU driver, software events only.
[   11.536697] KVM setup paravirtual spinlock
[   11.625446] x86: Booting SMP configuration:
[   11.712529] .... node  #0, CPUs:      #1
[   11.732095] kvm-clock: cpu 1, msr 0:7ffe3041, secondary cpu clock
[   11.741965] mce: CPU supports 0 MCE banks
[   11.744380] x86: Booted up 1 node, 2 CPUs
[   11.813492] smpboot: Total of 2 processors activated (10775.14 BogoMIPS)
[   12.004579] devtmpfs: initialized
[   12.075043] evm: security.selinux
[   12.169570] evm: security.SMACK64
[   12.252084] evm: security.SMACK64EXEC
[   12.363789] evm: security.SMACK64TRANSMUTE
[   12.466782] evm: security.SMACK64MMAP
[   12.492007] evm: security.ima
[   12.520760] evm: security.capability
[   12.585154] clocksource: jiffies: mask: 0xffffffff max_cycles: 0xffffffff, max_idle_ns: 7645041785100000 ns
[   12.708875] futex hash table entries: 512 (order: 3, 32768 bytes)
[   12.732889] pinctrl core: initialized pinctrl subsystem
[   12.810784] RTC time:  1:29:52, date: 12/14/17
[   12.938057] NET: Registered protocol family 16
[   12.972800] cpuidle: using governor ladder
[   13.100119] cpuidle: using governor menu
[   13.188471] PCCT header not found.
[   13.189108] ACPI: bus type PCI registered
[   13.189721] acpiphp: ACPI Hot Plug PCI Controller Driver version: 0.5
[   13.239213] PCI: Using configuration type 1 for base access
[   13.397938] ACPI: Added _OSI(Module Device)
[   13.505183] ACPI: Added _OSI(Processor Device)
[   13.518985] ACPI: Added _OSI(3.0 _SCP Extensions)
[   13.519685] ACPI: Added _OSI(Processor Aggregator Device)
[   13.649861] ACPI: Executed 1 blocks of module-level executable AML code
[   13.826519] ACPI: Interpreter enabled
[   13.920471] ACPI: (supports S0 S5)
[   13.949018] ACPI: Using IOAPIC for interrupt routing
[   14.070046] PCI: Using host bridge windows from ACPI; if necessary, use "pci=nocrs" and report a bug
[   14.344418] ACPI: PCI Root Bridge [PCI0] (domain 0000 [bus 00-ff])
[   14.514972] acpi PNP0A03:00: _OSC: OS supports [ASPM ClockPM Segments MSI]
[   14.678592] acpi PNP0A03:00: _OSC failed (AE_NOT_FOUND); disabling ASPM
[   14.679507] acpi PNP0A03:00: fail to add MMCONFIG information, can't access extended PCI configuration space under this bridge.
[   15.003199] PCI host bridge to bus 0000:00
[   15.130873] pci_bus 0000:00: root bus resource [io  0x0000-0x0cf7 window]
[   15.339513] pci_bus 0000:00: root bus resource [io  0x0d00-0xffff window]
[   15.471917] pci_bus 0000:00: root bus resource [mem 0x000a0000-0x000bffff window]
[   15.501854] pci_bus 0000:00: root bus resource [mem 0x80000000-0xffdfffff window]
[   15.567843] pci_bus 0000:00: root bus resource [bus 00-ff]
[   15.580342] pci 0000:00:01.1: legacy IDE quirk: reg 0x10: [io  0x01f0-0x01f7]
[   15.581270] pci 0000:00:01.1: legacy IDE quirk: reg 0x14: [io  0x03f6]
[   15.582131] pci 0000:00:01.1: legacy IDE quirk: reg 0x18: [io  0x0170-0x0177]
[   15.644467] pci 0000:00:01.1: legacy IDE quirk: reg 0x1c: [io  0x0376]
[   15.851107] pci 0000:00:07.0: quirk: [io  0x4000-0x403f] claimed by PIIX4 ACPI
[   16.006505] pci 0000:00:07.0: quirk: [io  0x4100-0x410f] claimed by PIIX4 SMB
[   16.144075] ACPI: PCI Interrupt Link [LNKA] (IRQs 5 9 10 *11)
[   16.274532] ACPI: PCI Interrupt Link [LNKB] (IRQs 5 9 10 *11)
[   16.414734] ACPI: PCI Interrupt Link [LNKC] (IRQs 5 9 *10 11)
[   16.504188] ACPI: PCI Interrupt Link [LNKD] (IRQs 5 *9 10 11)
[   16.577155] ACPI: Enabled 2 GPEs in block 00 to 07
[   16.622806] vgaarb: setting as boot device: PCI:0000:00:02.0
[   16.790814] vgaarb: device added: PCI:0000:00:02.0,decodes=io+mem,owns=io+mem,locks=none
[   16.955987] vgaarb: loaded
[   17.030338] vgaarb: bridge control possible 0000:00:02.0
[   17.155176] SCSI subsystem initialized
[   17.199251] ACPI: bus type USB registered
[   17.307703] usbcore: registered new interface driver usbfs
[   17.374406] usbcore: registered new interface driver hub
[   17.532174] usbcore: registered new device driver usb
[   17.659454] PCI: Using ACPI for IRQ routing
[   17.771214] NetLabel: Initializing
[   17.848647] NetLabel:  domain hash size = 128
[   17.910496] NetLabel:  protocols = UNLABELED CIPSOv4
[   17.929740] NetLabel:  unlabeled traffic allowed by default
[   17.995557] amd_nb: Cannot enumerate AMD northbridges
[   18.071201] clocksource: Switched to clocksource kvm-clock
[   18.224317] AppArmor: AppArmor Filesystem Enabled
[   18.359413] pnp: PnP ACPI init
[   18.445748] pnp: PnP ACPI: found 3 devices
[   18.578468] clocksource: acpi_pm: mask: 0xffffff max_cycles: 0xffffff, max_idle_ns: 2085701024 ns
[   18.840521] NET: Registered protocol family 2
[   18.937530] TCP established hash table entries: 16384 (order: 5, 131072 bytes)
[   19.144328] TCP bind hash table entries: 16384 (order: 6, 262144 bytes)
[   19.339238] TCP: Hash tables configured (established 16384 bind 16384)
[   19.527347] UDP hash table entries: 1024 (order: 3, 32768 bytes)
[   19.720396] UDP-Lite hash table entries: 1024 (order: 3, 32768 bytes)
[   19.884423] NET: Registered protocol family 1
[   19.942091] pci 0000:00:00.0: Limiting direct PCI/PCI transfers
[   20.094681] pci 0000:00:01.0: Activating ISA DMA hang workarounds
[   20.267317] Unpacking initramfs...
[   20.887307] Freeing initrd memory: 26452K (ffff880034c46000 - ffff88003661b000)
[   21.065145] platform rtc_cmos: registered platform RTC device (no PNP device found)
[   21.123276] Scanning for low memory corruption every 60 seconds
[   21.288948] audit: initializing netlink subsys (disabled)
[   21.428018] audit: type=2000 audit(1513214988.939:1): initialized
[   21.579965] Initialise system trusted keyring
[   21.720037] HugeTLB registered 2 MB page size, pre-allocated 0 pages
[   21.890692] zbud: loaded
[   21.956792] VFS: Disk quotas dquot_6.6.0
[   22.063214] tsc: Refined TSC clocksource calibration: 2693.467 MHz
[   22.063216] clocksource: tsc: mask: 0xffffffffffffffff max_cycles: 0x26d322e5b8a, max_idle_ns: 440795209289 ns
[   22.544216] VFS: Dquot-cache hash table entries: 512 (order 0, 4096 bytes)
[   22.738889] squashfs: version 4.0 (2009/01/31) Phillip Lougher
[   22.741283] fuse init (API version 7.23)
[   22.864763] Key type big_key registered
[   22.916782] Allocating IMA MOK and blacklist keyrings.
[   23.065162] Key type asymmetric registered
[   23.159740] Asymmetric key parser 'x509' registered
[   23.297609] Block layer SCSI generic (bsg) driver version 0.4 loaded (major 249)
[   23.399929] io scheduler noop registered
[   23.433610] io scheduler deadline registered (default)
[   23.434398] io scheduler cfq registered
[   23.505717] pci_hotplug: PCI Hot Plug PCI Core version: 0.5
[   23.572320] pciehp: PCI Express Hot Plug Controller Driver version: 0.4
[   23.731940] ACPI: AC Adapter [AC] (on-line)
[   23.845978] input: Power Button as /devices/LNXSYSTM:00/LNXPWRBN:00/input/input0
[   24.062939] ACPI: Power Button [PWRF]
[   24.176298] input: Sleep Button as /devices/LNXSYSTM:00/LNXSLPBN:00/input/input1
[   24.386645] ACPI: Sleep Button [SLPF]
[   24.493492] GHES: HEST is not enabled!
[   24.494376] ACPI: Battery Slot [BAT0] (battery present)
[   24.742135] Serial: 8250/16550 driver, 32 ports, IRQ sharing enabled
[   24.872410] 00:02: ttyS0 at I/O 0x3f8 (irq = 4, base_baud = 115200) is a 16550A
[   24.986939] Linux agpgart interface v0.103
[   25.099878] loop: module loaded
[   25.129207] scsi host0: ata_piix
[   25.225002] scsi host1: ata_piix
[   25.287542] ata1: PATA max UDMA/33 cmd 0x1f0 ctl 0x3f6 bmdma 0xd000 irq 14
[   25.422682] ata2: PATA max UDMA/33 cmd 0x170 ctl 0x376 bmdma 0xd008 irq 15
[   25.470929] libphy: Fixed MDIO Bus: probed
[   25.502096] tun: Universal TUN/TAP device driver, 1.6
[   25.535581] tun: (C) 1999-2004 Max Krasnyansky <maxk@qualcomm.com>
[   25.553458] PPP generic driver version 2.4.2
[   25.555752] ehci_hcd: USB 2.0 'Enhanced' Host Controller (EHCI) Driver
[   25.566123] ehci-pci: EHCI PCI platform driver
[   25.567469] ehci-platform: EHCI generic platform driver
[   25.622796] ohci_hcd: USB 1.1 'Open' Host Controller (OHCI) Driver
[   25.754332] ohci-pci: OHCI PCI platform driver
[   25.841151] ohci-platform: OHCI generic platform driver
[   25.852421] uhci_hcd: USB Universal Host Controller Interface driver
[   25.889717] i8042: PNP: PS/2 Controller [PNP0303:PS2K,PNP0f03:PS2M] at 0x60,0x64 irq 1,12
[   25.893259] serio: i8042 KBD port at 0x60,0x64 irq 1
[   26.021990] serio: i8042 AUX port at 0x60,0x64 irq 12
[   26.123232] mousedev: PS/2 mouse device common for all mice
[   26.240177] rtc_cmos rtc_cmos: rtc core: registered rtc_cmos as rtc0
[   26.377436] rtc_cmos rtc_cmos: alarms up to one day, 114 bytes nvram
[   26.506715] input: AT Translated Set 2 keyboard as /devices/platform/i8042/serio0/input/input2
[   26.570859] i2c /dev entries driver
[   26.645444] device-mapper: uevent: version 1.0.3
[   26.769926] device-mapper: ioctl: 4.34.0-ioctl (2015-10-28) initialised: dm-devel@redhat.com
[   26.919161] ledtrig-cpu: registered to indicate activity on CPUs
[   26.994427] NET: Registered protocol family 10
[   27.018400] NET: Registered protocol family 17
[   27.088562] Key type dns_resolver registered
[   27.213861] microcode: CPU0 sig=0x40671, pf=0x40, revision=0x0
[   27.361288] microcode: CPU1 sig=0x40671, pf=0x40, revision=0x0
[   27.410097] microcode: Microcode Update Driver: v2.01 <tigran@aivazian.fsnet.co.uk>, Peter Oruba
[   27.543404] registered taskstats version 1
[   27.614802] Loading compiled-in X.509 certificates
[   27.735562] Loaded X.509 cert 'Build time autogenerated kernel key: a6f98c496ad22cf23b77f8fe21ff88c41791cbd4'
[   27.996307] zswap: loaded using pool lzo/zbud
[   28.030397] Key type trusted registered
[   28.096548] Key type encrypted registered
[   28.142016] AppArmor: AppArmor sha1 policy hashing enabled
[   28.300094] ima: No TPM chip found, activating TPM-bypass!
[   28.426708] evm: HMAC attrs: 0x1
[   28.500512]   Magic number: 13:118:458
[   28.581387] rtc_cmos rtc_cmos: setting system clock to 2017-12-14 01:30:08 UTC (1513215008)
[   28.674336] BIOS EDD facility v0.16 2004-Jun-25, 0 devices found
[   28.762174] EDD information not available.
[   28.859301] Freeing unused kernel memory: 1492K (ffffffff81f45000 - ffffffff820ba000)
[   29.046404] Write protecting the kernel read-only data: 14336k
[   29.166955] Freeing unused kernel memory: 1748K (ffff88000184b000 - ffff880001a00000)
[   29.311591] Freeing unused kernel memory: 112K (ffff880001de4000 - ffff880001e00000)
Loading, please [   29.520515] random: systemd-udevd: uninitialized urandom read (16 bytes read, 7 bits of entropy available)
wait...
startin[   29.521028] random: udevadm: uninitialized urandom read (16 bytes read, 7 bits of entropy available)
g version 229
[   29.521055] random: udevadm: uninitialized urandom read (16 bytes read, 7 bits of entropy available)
[   29.521139] random: udevadm: uninitialized urandom read (16 bytes read, 7 bits of entropy available)
[   29.521172] random: udevadm: uninitialized urandom read (16 bytes read, 7 bits of entropy available)
[   29.521202] random: udevadm: uninitialized urandom read (16 bytes read, 7 bits of entropy available)
[   29.521233] random: udevadm: uninitialized urandom read (16 bytes read, 7 bits of entropy available)
[   29.521263] random: udevadm: uninitialized urandom read (16 bytes read, 7 bits of entropy available)
[   29.521292] random: udevadm: uninitialized urandom read (16 bytes read, 7 bits of entropy available)
[   29.521320] random: udevadm: uninitialized urandom read (16 bytes read, 7 bits of entropy available)
[   31.446508] ACPI: Video Device [GFX0] (multi-head: yes  rom: no  post: no)
[   31.473927] input: Video Bus as /devices/LNXSYSTM:00/LNXSYBUS:00/PNP0A03:00/LNXVIDEO:00/input/input4
[   31.542769] FUJITSU Extended Socket Network Device Driver - version 1.0 - Copyright (c) 2015 FUJITSU LIMITED
[   31.620590] e1000: Intel(R) PRO/1000 Network Driver - version 7.3.21-k8-NAPI
[   31.793412] e1000: Copyright (c) 1999-2006 Intel Corporation.
[   31.891414] Fusion MPT base driver 3.04.20
[   31.946991] Copyright (c) 1999-2008 LSI Corporation
[   32.049363] Fusion MPT SPI Host driver 3.04.20
[   32.068745] AVX version of gcm_enc/dec engaged.
[   32.081101] AES CTR mode by8 optimization enabled
[   32.246304] input: ImExPS/2 Generic Explorer Mouse as /devices/platform/i8042/serio1/input/input5
[   32.559680] e1000 0000:00:03.0 eth0: (PCI:33MHz:32-bit) 02:04:e4:df:e4:d8
[   32.762197] e1000 0000:00:03.0 eth0: Intel(R) PRO/1000 Network Connection
[   32.954673] e1000 0000:00:03.0 enp0s3: renamed from eth0
[   33.028636] mptbase: ioc0: Initiating bringup
[   33.215592] ioc0: LSI53C1030 A0: Capabilities={Initiator}
[   33.480640] scsi host2: ioc0: LSI53C1030 A0, FwRev=00000000h, Ports=1, MaxQ=256, IRQ=20
[   33.747897] scsi 2:0:0:0: Direct-Access     VBOX     HARDDISK         1.0  PQ: 0 ANSI: 5
[   33.944906] scsi target2:0:0: Beginning Domain Validation
[   34.052068] scsi target2:0:0: Domain Validation skipping write tests
[   34.165196] scsi target2:0:0: Ending Domain Validation
[   34.196250] scsi target2:0:0: asynchronous
[   34.197795] scsi 2:0:1:0: Direct-Access     VBOX     HARDDISK         1.0  PQ: 0 ANSI: 5
[   34.249684] scsi target2:0:1: Beginning Domain Validation
[   34.252165] scsi target2:0:1: Domain Validation skipping write tests
[   34.390831] scsi target2:0:1: Ending Domain Validation
[   34.477282] scsi target2:0:1: asynchronous
[   34.602785] sd 2:0:0:0: Attached scsi generic sg0 type 0
[   34.667749] sd 2:0:0:0: [sda] 20971520 512-byte logical blocks: (10.7 GB/10.0 GiB)
[   34.670717] sd 2:0:0:0: [sda] Write Protect is off
[   34.670966] sd 2:0:1:0: [sdb] 20480 512-byte logical blocks: (10.5 MB/10.0 MiB)
[   34.671123] sd 2:0:1:0: [sdb] Write Protect is off
[   34.671236] sd 2:0:1:0: [sdb] Incomplete mode parameter data
[   34.671237] sd 2:0:1:0: [sdb] Assuming drive cache: write through
[   34.673542] sd 2:0:1:0: [sdb] Attached SCSI disk
[   34.776565] sd 2:0:1:0: Attached scsi generic sg1 type 0
[   35.211502] floppy0: no floppy controllers found
[   35.211591] work still pending
[   35.627511] sd 2:0:0:0: [sda] Incomplete mode parameter data
[   35.801627] sd 2:0:0:0: [sda] Assuming drive cache: write through
[   35.910665]  sda: sda1
[   35.976270] sd 2:0:0:0: [sda] Attached SCSI disk
Begin: Loading e[   37.396387] md: linear personality registered for level -1
ssential drivers ... [   37.566880] md: multipath personality registered for level -4
[   37.591506] md: raid0 personality registered for level 0
[   37.720464] md: raid1 personality registered for level 1
[   37.943487] raid6: sse2x1   gen()  6946 MB/s
[   38.115539] raid6: sse2x1   xor()  6032 MB/s
[   38.283714] raid6: sse2x2   gen()  9341 MB/s
[   38.435345] raid6: sse2x2   xor()  6592 MB/s
[   38.551449] raid6: sse2x4   gen() 11778 MB/s
[   38.759568] raid6: sse2x4   xor()  7630 MB/s
[   38.849054] raid6: using algorithm sse2x4 gen() 11778 MB/s
[   38.978102] raid6: .... xor() 7630 MB/s, rmw enabled
[   39.110384] raid6: using ssse3x2 recovery algorithm
[   39.264175] xor: automatically using best checksumming function:
[   39.443681]    avx       : 21305.000 MB/sec
[   39.563217] async_tx: api initialized (async)
[   39.584924] md: raid6 personality registered for level 6
[   39.710306] md: raid5 personality registered for level 5
[   39.840912] md: raid4 personality registered for level 4
[   39.984702] md: raid10 personality registered for level 10
done.
Begin: Running /scripts/init-p[   40.131197] Btrfs loaded
remount ... done.
Begin: Mounting root file system ... Begin: Running /scripts/local-top ... done.
Begin: Running /scripts/local-premount ... Scanning for Btrfs filesystems
[   40.171010] EXT4-fs (sda1): INFO: recovery required on readonly filesystem
done.
Warning: [   40.336589] EXT4-fs (sda1): write access will be enabled during recovery
fsck not present, so skipping root file system
[   40.566450] EXT4-fs (sda1): recovery complete
[   40.707658] EXT4-fs (sda1): mounted filesystem with ordered data mode. Opts: (null)
done.
Begin: Running /scripts/local-bottom ... done.
Begin: Running /scripts/init-bottom ... done.
[   41.060212] systemd[1]: systemd 229 running in system mode. (+PAM +AUDIT +SELINUX +IMA +APPARMOR +SMACK +SYSVINIT +UTMP +LIBCRYPTSETUP +GCRYPT +GNUTLS +ACL +XZ -LZ4 +SECCOMP +BLKID +ELFUTILS +KMOD -IDN)
[   41.412724] systemd[1]: Detected virtualization oracle.
[   41.533853] systemd[1]: Detected architecture x86-64.

Welcome to [1mUbuntu 16.04.3 LTS[0m!

[   41.640064] systemd[1]: Set hostname to <ubuntu-xenial>.
[   41.792806] random: nonblocking pool is initialized
[   42.051783] systemd[1]: Listening on /dev/initctl Compatibility Named Pipe.
[[0;32m  OK  [0m] Listening on /dev/initctl Compatibility Named Pipe.
[   42.231739] systemd[1]: Set up automount Arbitrary Executable File Formats File System Automount Point.
[[0;32m  OK  [0m] Set up automount Arbitrary Executab...ats File System Automount Point.
[   42.525509] systemd[1]: Started Forward Password Requests to Wall Directory Watch.
[[0;32m  OK  [0m] Started Forward Password Requests to Wall Directory Watch.
[   42.579718] systemd[1]: Started Trigger resolvconf update for networkd DNS.
[[0;32m  OK  [0m] Started Trigger resolvconf update for networkd DNS.
[   42.835876] systemd[1]: Listening on Journal Socket.
[[0;32m  OK  [0m] Listening on Journal Socket.
[   42.982747] systemd[1]: Reached target Encrypted Volumes.
[[0;32m  OK  [0m] Reached target Encrypted Volumes.
[   43.169949] systemd[1]: Created slice System Slice.
[[0;32m  OK  [0m] Created slice System Slice.
[   43.343624] systemd[1]: Starting Remount Root and Kernel File Systems...
         [   43.530172] EXT4-fs (sda1): re-mounted. Opts: (null)
Starting Remount Root and Kernel File Systems...
[   43.748093] systemd[1]: Created slice system-serial\x2dgetty.slice.
[[0;32m  OK  [0m] Created slice system-serial\x2dgetty.slice.
[   44.004352] systemd[1]: Mounting Huge Pages File System...
         Mounting Huge Pages File System...
[   44.193902] systemd[1]: Starting Load Kernel Modules...
         [   44.347109] Loading iSCSI transport class v2.0-870.
Starting Load Ke[   44.454786] iscsi: registered transport (tcp)
rnel Modules...
[   44.591784] systemd[1]: Mounting Debug File System...
         [   44.707031] iscsi: registered transport (iser)
Mounting Debug File System...
[   44.839992] systemd[1]: Starting Uncomplicated firewall...
         Starting Uncomplicated firewall...
[   44.977014] systemd[1]: Listening on LVM2 metadata daemon socket.
[[0;32m  OK  [0m] Listening on LVM2 metadata daemon socket.
[   45.145620] systemd[1]: Listening on udev Kernel Socket.
[[0;32m  OK  [0m] Listening on udev Kernel Socket.
[   45.147788] systemd[1]: Listening on Device-mapper event daemon FIFOs.
[[0;32m  OK  [0m] Listening on Device-mapper event daemon FIFOs.
[   45.285372] systemd[1]: Starting Create list of required static device nodes for the current kernel...
         Starting Create list of required st... nodes for the current kernel...
[   45.539754] systemd[1]: Starting Nameserver information manager...
         Starting Nameserver information manager...
[   45.641876] systemd[1]: Listening on Journal Socket (/dev/log).
[[0;32m  OK  [0m] Listening on Journal Socket (/dev/log).
[   45.687711] systemd[1]: Starting Monitoring of LVM2 mirrors, snapshots etc. using dmeventd or progress polling...
         Starting Monitoring of LVM2 mirrors... dmeventd or progress polling...
[   45.923769] systemd[1]: Reached target Swap.
[[0;32m  OK  [0m] Reached target Swap.
[   45.973629] systemd[1]: Created slice User and Session Slice.
[[0;32m  OK  [0m] Created slice User and Session Slice.
[   46.043481] systemd[1]: Reached target Slices.
[[0;32m  OK  [0m] Reached target Slices.
[   46.203943] systemd[1]: Listening on LVM2 poll daemon socket.
[[0;32m  OK  [0m] Listening on LVM2 poll daemon socket.
[   46.424176] systemd[1]: Starting Set console keymap...
         Starting Set console keymap...
[   46.519591] systemd[1]: Reached target User and Group Name Lookups.
[[0;32m  OK  [0m] Reached target User and Group Name Lookups.
[   46.739844] systemd[1]: Listening on Syslog Socket.
[[0;32m  OK  [0m] Listening on Syslog Socket.
[   46.943900] systemd[1]: Listening on udev Control Socket.
[[0;32m  OK  [0m] Listening on udev Control Socket.
[   47.119766] systemd[1]: Mounting POSI Message Queue File System...
         Mounting POSIX Message Queue File System...
[   47.387642] systemd[1]: Listening on Journal Audit Socket.
[[0;32m  OK  [0m] Listening on Journal Audit Socket.
[   47.587753] systemd[1]: Starting Journal Service...
         Starting Journal Service...
[   47.748034] systemd[1]: Mounted Huge Pages File System.
[[0;32m  OK  [0m] Mounted Huge Pages File System.
[   47.917396] systemd[1]: Mounted POSIX Message Queue File System.
[[0;32m  OK  [0m] Mounted POSIX Message Queue File System.
[   48.087858] systemd[1]: Mounted Debug File System.
[[0;32m  OK  [0m] Mounted Debug File System.
[   48.226817] systemd[1]: Started Journal Service.
[[0;32m  OK  [0m] Started Journal Service.
[[0;32m  OK  [0m] Started Remount Root and Kernel File Systems.
[[0;32m  OK  [0m] Started Load Kernel Modules.
[[0;32m  OK  [0m] Started Uncomplicated firewall.
[[0;32m  OK  [0m] Started Create list of required sta...ce nodes for the current kernel.
[[0;32m  OK  [0m] Started Set console keymap.
[[0;32m  OK  [0m] Started Nameserver information manager.
[[0;32m  OK  [0m] Started LVM2 metadata daemon.
         Starting Create Static Device Nodes in /dev...
         Mounting FUSE Control File System...
         Starting Apply Kernel Variables...
         Starting Load/Save Random Seed...
         Starting Initial cloud-init job (pre-networking)...
         Starting udev Coldplug all Devices...
         Starting Flush Journal to Persistent Storage...
[[0;32m  OK  [0m] Mounted FUSE Control File System.
[[0;32m  OK  [0m] Started Create Static Device Nodes in /dev.
[[0;32m  OK  [0m] Started Apply Kernel Variables.
[[0;32m  OK  [0m] Started Load/Save Random Seed.
[[0;32m  OK  [0m] Started Monitoring of LVM2 mirrors,...ng dmeventd or progress polling.
[[0;32m  OK  [0m] Started udev Coldplug all Devices.
[[0;32m  OK  [0m] Started Flush Journal to Persistent Storage.
         Starting udev Kernel Device Manager...
[[0;32m  OK  [0m] Started udev Kernel Device Manager.
[[0;32m  OK  [0m] Reached target Local File Systems (Pre).
[[0;32m  OK  [0m] Reached target Local File Systems.
         Starting Create Volatile Files and Directories...
         Starting Set console font and keymap...
         [   49.980649] intel_rapl: no valid rapl domains found in package 0
Starting Tell Plymouth To Write Out Runtime Data...
         Starting LSB: AppArmor initialization...
[[0;32m  OK  [0m] Started Dispatch Password Requests to Console Directory Watch.
[[0;32m  OK  [0m] Started Create Volatile Files and Directories.
[[0;32m  OK  [0m] Started Set console font and keymap.
[[0;32m  OK  [0m] Started Tell Plymouth To Write Out Runtime Data.
[[0;32m  OK  [0m] Found device /dev/ttyS0.
[[0;32m  OK  [0m] Listening on Load/Save RF Kill Switch Status /dev/rfkill Watch.
[[0;32m  OK  [0m] Created slice system-getty.slice.
         Starting Update UTMP about System Boot/Shutdown...
[[   33.175908] cloud-init[459]: Cloud-init v. 0.7.9 running 'init-local' at Thu, 14 Dec 2017 01:30:29 +0000. Up 32.42 seconds.
[0;32m  OK  [0m] Reached target System Time Synchronized.
[[0;32m  OK  [0m] Started LSB: AppArmor initialization.
[[0;32m  OK  [0m] Started Initial cloud-init job (pre-networking).
[[0;32m  OK  [0m] Started Update UTMP about System Boot/Shutdown.
[[0;32m  OK  [0m] Reached target Sound Card.
[[0;32m  OK  [0m] Reached target Network (Pre).
[[0;32m  OK  [0m] Started ifup for enp0s3.
         Starting Raise network interfaces...
[[0;32m  OK  [0m] Started Raise network interfaces.
         Starting Initial cloud-init job (metadata service crawler)...
[[0;32m  OK  [0m] Reached target Network.
[   36.140914] cloud-init[984]: Cloud-init v. 0.7.9 running 'init' at Thu, 14 Dec 2017 01:30:33 +0000. Up 35.85 seconds.
[   36.205912] cloud-init[984]: ci-info: +++++++++++++++++++++++++++++++++++++Net device info+++++++++++++++++++++++++++++++++++++
[   36.270915] cloud-init[984]: ci-info: +--------+------+---------------------------+---------------+-------+-------------------+
[[0;32m  OK  [0m] Started Initial cloud-init job (metadata service crawler).
[   36.365437] cloud-init[984]: ci-info: | Device |  Up  |          Address          |      Mask     | Scope |     Hw-Address    |
[   36.473077] cloud-init[984]: ci-info: +--------+------+---------------------------+---------------+-------+-------------------+
[   36.534251] cloud-init[984]: ci-info: |   lo   | True |         127.0.0.1         |   255.0.0.0   |   .   |         .         |
[[0;32m  OK  [0m] Reached target System Initialization.
[   36.596503] cloud-init[984]: ci-info: |   lo   | True |          ::1/128          |       .       |  host |         .         |
[   36.685519] cloud-init[984]: ci-info: | enp0s3 | True |         10.0.2.15         | 255.255.255.0 |   .   | 02:04:e4:df:e4:d8 |
[   36.746601] cloud-init[984]: ci-info: | enp0s3 | True | fe80::4:e4ff:fedf:e4d8/64 |       .       |  link | 02:04:e4:df:e4:d8 |
[[0;32m  OK  [0m] Started Timer to automatically refresh installed snaps.
         Starting LXD - unix socket.
[[0;32m  OK  [0m] Started Daily Cleanup of Temporary Directories.
[   36.835439] cloud-init[984]: ci-info: +--------+------+---------------------------+---------------+-------+-------------------+
[   37.005122] cloud-init[984]: ci-info: +++++++++++++++++++++++++++Route IPv4 info++++++++++++++++++++++++++++
         Starting Socket activation for snappy daemon.
[[0;32m  OK  [0m] Listening on ACPID Listen Socket.
[   37.063294] cloud-init[984]: ci-info: +-------+-------------+----------+---------------+-----------+-------+
[   37.232880] cloud-init[984]: ci-info: | Route | Destination | Gateway  |    Genmask    | Interface | Flags |
[[0;32m  OK  [0m] Started ACPI Events Check.
[[0;32m  OK  [0m] Reached target Paths.
[   37.295120] cloud-init[984]: ci-info: +-------+-------------+----------+---------------+-----------+-------+
[   37.413391] cloud-init[984]: ci-info: |   0   |   0.0.0.0   | 10.0.2.2 |    0.0.0.0    |   enp0s3  |   UG  |
[   37.453525] cloud-init[984]: ci-info: |   1   |   10.0.2.0  | 0.0.0.0  | 255.255.255.0 |   enp0s3  |   U   |
[[   37.524480] cloud-init[984]: ci-info: +-------+-------------+----------+---------------+-----------+-------+
[0;32m  OK  [0m] Listening on D-Bus System Message Bus Socket.
[[0;32m  OK  [0m] Listening on UUID daemon activation socket.
[[0;32m  OK  [0m] Reached target Network is Online.
         Starting iSCSI initiator daemon (iscsid)...
[[0;32m  OK  [0m] Started Daily apt download activities.
[[0;32m  OK  [0m] Started Daily apt upgrade and clean activities.
[[0;32m  OK  [0m] Reached target Timers.
[[0;32m  OK  [0m] Reached target Cloud-config availability.
[[0;32m  OK  [0m] Listening on LXD - unix socket.
[[0;32m  OK  [0m] Listening on Socket activation for snappy daemon.
[[0;32m  OK  [0m] Reached target Sockets.
[[0;32m  OK  [0m] Reached target Basic System.
         Starting Apply the settings specified in cloud-config...
         Starting Accounts Service...
[[0;32m  OK  [0m] Started FUSE filesystem for LXC.
[[0;32m  OK  [0m] Started D-Bus System Message Bus.
         Starting OpenBSD Secure Shell server...
         Starting LSB: MD monitoring daemon...
[[0;32m  OK  [0m] Started Unattended Upgrades Shutdown.
[[0;32m  OK  [0m] Started Snappy daemon.
         Starting Auto import assertions from block devices...
[[0;32m  OK  [0m] Started Regular background program processing daemon.
[   38.634925] cloud-init[1040]: Cloud-init v. 0.7.9 running 'modules:config' at Thu, 14 Dec 2017 01:30:35 +0000. Up 38.45 seconds.
[[0;32m  OK  [0m] Started Deferred execution scheduler.
         Starting System Logging Service...
         Starting Save/Restore Sound Card State...
         Starting LSB: Record successful boot for GRUB...
         Starting /etc/rc.local Compatibility...
         Starting Login Service...
[[0;32m  OK  [0m] Started ACPI event daemon.
         Starting LXD - container startup/shutdown...
[[0;32m  OK  [0m] Started OpenBSD Secure Shell server.
[[0;32m  OK  [0m] Started System Logging Service.
[[0;32m  OK  [0m] Started iSCSI initiator daemon (iscsid).
[[0;32m  OK  [0m] Started Apply the settings specified in cloud-config.
[[0;32m  OK  [0m] Started Auto import assertions from block devices.
[[0;32m  OK  [0m] Started /etc/rc.local Compatibility.
[[0;32m  OK  [0m] Started LXD - container startup/shutdown.
[[0;32m  OK  [0m] Started Save/Restore Sound Card State.
[[0;32m  OK  [0m] Started LSB: MD monitoring daemon.
[[0;32m  OK  [0m] Started LSB: Record successful boot for GRUB.
         Starting Authenticate and Authorize Users to Run Privileged Tasks...
         Starting Login to default iSCSI targets...
[[0;32m  OK  [0m] Started Login Service.
[[0;32m  OK  [0m] Started Authenticate and Authorize Users to Run Privileged Tasks.
[[0;32m  OK  [0m] Started Accounts Service.
[[0;32m  OK  [0m] Started Login to default iSCSI targets.
[[0;32m  OK  [0m] Reached target Remote File Systems (Pre).
[[0;32m  OK  [0m] Reached target Remote File Systems.
         Starting LSB: VirtualBox Linux Additions...
         Starting LSB: automatic crash report generation...
         Starting LSB: No Display Manager...
         Starting LSB: Set the CPU Frequency Scaling governor to "ondemand"...
         Starting LSB: daemon to balance interrupts for SMP systems...
         Starting Permit User Sessions...
[[0;32m  OK  [0m] Started Permit User Sessions.
[[0;32m  OK  [0m] Started LSB: No Display Manager.
[[0;32m  OK  [0m] Started LSB: automatic crash report generation.
[[0;32m  OK  [0m] Started LSB: VirtualBox Linux Additions.
         Starting Hold until boot process finishes up...
         Starting Terminate Plymouth Boot Screen...
[[0;32m  OK  [0m] Started LSB: Set the CPU Frequency Scaling governor to "ondemand".
[[0;32m  OK  [0m] Started LSB: daemon to balance interrupts for SMP systems.
[[0;32m  OK  [0m] Started Hold until boot process finishes up.
[[0;32m  OK  [0m] Started Terminate Plymouth Boot Screen.
[[0;32m  OK  [0m] Created slice User Slice of ubuntu.
[[0;32m  OK  [0m] Started Session c1 of user ubuntu.
         Starting User Manager for UID 1000...
         Starting Set console scheme...
[[0;32m  OK  [0m] Started Serial Getty on ttyS0.
[[0;32m  OK  [0m] Started Getty on tty1.
[[0;32m  OK  [0m] Reached target Login Prompts.
[[0;32m  OK  [0m] Reached target Multi-User System.
[[0;32m  OK  [0m] Reached target Graphical Interface.
         Starting Update UTMP about System Runlevel Changes...
         Starting Execute cloud user/final scripts...
[[0;32m  OK  [0m] Started User Manager for UID 1000.
[[0;32m  OK  [0m] Started Set console scheme.
[[0;32m  OK  [0m] Started Update UTMP about System Runlevel Changes.
[   42.266401] cloud-init[1258]: Cloud-init v. 0.7.9 running 'modules:final' at Thu, 14 Dec 2017 01:30:39 +0000. Up 42.12 seconds.
[   42.321572] cloud-init[1258]: Cloud-init v. 0.7.9 finished at Thu, 14 Dec 2017 01:30:39 +0000. Datasource DataSourceNoCloud [seed=/dev/sdb][dsmode=net].  Up 42.25 seconds
[[0;32m  OK  [0m] Started Execute cloud user/final scripts.
[[0;32m  OK  [0m] Reached target Cloud-init target.

Ubuntu 16.04.3 LTS ubuntu-xenial ttyS0

ubuntu-xenial login: 